source: /task/src/pkg/kubelet/pod_workers.go
function: calculateEffectiveGracePeriod
source range: 1009-1040

calculation observation:
effective_grace=10 shortened=true

controlled termination observation:
stored_grace_before=60 stored_grace_after=10
in_progress_operation_grace_arg=60
worker_cancel_signal=true
original_operation_completed=true
cleanup_completed=true
runtime_termination_calls=1

pinned-source observations:
UpdatePod contains the shortened-grace branch: true
UpdatePod stores the calculated grace period: true
UpdatePod updates the termination override: true
UpdatePod invokes the worker cancel function: true
SyncTerminatingPod replaces the worker context with context.TODO(): true
SyncTerminatingPod passes gracePeriod to killPod: true
SyncTerminatingPod returns nil after successful termination: true

result: controlled observations and pinned-source checks completed
